16:11:47 **** Incremental Build of configuration Debug for project RTOS_Project1 ****
make all 
Building file: ../portable/GCC/ARM_CM3_MPU/port.c
Invoking: Cross ARM GNU C Compiler
arm-none-eabi-gcc -mcpu=cortex-m3 -mthumb -Og -fmessage-length=0 -fsigned-char -ffunction-sections -fdata-sections -ffreestanding -fno-move-loop-invariants -Wall -Wextra  -g3 -DDEBUG -DUSE_FULL_ASSERT -DTRACE -DOS_USE_TRACE_SEMIHOSTING_DEBUG -DSTM32F10X_MD -DUSE_STDPERIPH_DRIVER -DHSE_VALUE=8000000 -I"../include" -I"../system/include" -I"../system/include/cmsis" -I"../system/include/stm32f1-stdperiph" -std=gnu11 -MMD -MP -MF"portable/GCC/ARM_CM3_MPU/port.d" -MT"portable/GCC/ARM_CM3_MPU/port.o" -c -o "portable/GCC/ARM_CM3_MPU/port.o" "../portable/GCC/ARM_CM3_MPU/port.c"
In file included from ../include/portable.h:51:0,
                 from ../include/FreeRTOS.h:63,
                 from ../portable/GCC/ARM_CM3_MPU/port.c:37:
../include/portmacro.h:300:10: warning: #warning "configENFORCE_SYSTEM_CALLS_FROM_KERNEL_ONLY is not defined. We recommend defining it to 1 in FreeRTOSConfig.h for better security. https://www.FreeRTOS.org/FreeRTOS-V10.3.x.html" [-Wcpp]
         #warning "configENFORCE_SYSTEM_CALLS_FROM_KERNEL_ONLY is not defined. We recommend defining it to 1 in FreeRTOSConfig.h for better security. https://www.FreeRTOS.org/FreeRTOS-V10.3.x.html"
          ^~~~~~~
Finished building: ../portable/GCC/ARM_CM3_MPU/port.c
 
Building file: ../portable/heap_1.c
Invoking: Cross ARM GNU C Compiler
arm-none-eabi-gcc -mcpu=cortex-m3 -mthumb -Og -fmessage-length=0 -fsigned-char -ffunction-sections -fdata-sections -ffreestanding -fno-move-loop-invariants -Wall -Wextra  -g3 -DDEBUG -DUSE_FULL_ASSERT -DTRACE -DOS_USE_TRACE_SEMIHOSTING_DEBUG -DSTM32F10X_MD -DUSE_STDPERIPH_DRIVER -DHSE_VALUE=8000000 -I"../include" -I"../system/include" -I"../system/include/cmsis" -I"../system/include/stm32f1-stdperiph" -std=gnu11 -MMD -MP -MF"portable/heap_1.d" -MT"portable/heap_1.o" -c -o "portable/heap_1.o" "../portable/heap_1.c"
In file included from ../include/portable.h:51:0,
                 from ../include/FreeRTOS.h:63,
                 from ../portable/heap_1.c:42:
../include/portmacro.h:300:10: warning: #warning "configENFORCE_SYSTEM_CALLS_FROM_KERNEL_ONLY is not defined. We recommend defining it to 1 in FreeRTOSConfig.h for better security. https://www.FreeRTOS.org/FreeRTOS-V10.3.x.html" [-Wcpp]
         #warning "configENFORCE_SYSTEM_CALLS_FROM_KERNEL_ONLY is not defined. We recommend defining it to 1 in FreeRTOSConfig.h for better security. https://www.FreeRTOS.org/FreeRTOS-V10.3.x.html"
          ^~~~~~~
Finished building: ../portable/heap_1.c
 
Building file: ../croutine.c
Invoking: Cross ARM GNU C Compiler
arm-none-eabi-gcc -mcpu=cortex-m3 -mthumb -Og -fmessage-length=0 -fsigned-char -ffunction-sections -fdata-sections -ffreestanding -fno-move-loop-invariants -Wall -Wextra  -g3 -DDEBUG -DUSE_FULL_ASSERT -DTRACE -DOS_USE_TRACE_SEMIHOSTING_DEBUG -DSTM32F10X_MD -DUSE_STDPERIPH_DRIVER -DHSE_VALUE=8000000 -I"../include" -I"../system/include" -I"../system/include/cmsis" -I"../system/include/stm32f1-stdperiph" -std=gnu11 -MMD -MP -MF"croutine.d" -MT"croutine.o" -c -o "croutine.o" "../croutine.c"
In file included from ../include/portable.h:51:0,
                 from ../include/FreeRTOS.h:63,
                 from ../croutine.c:27:
../include/portmacro.h:300:10: warning: #warning "configENFORCE_SYSTEM_CALLS_FROM_KERNEL_ONLY is not defined. We recommend defining it to 1 in FreeRTOSConfig.h for better security. https://www.FreeRTOS.org/FreeRTOS-V10.3.x.html" [-Wcpp]
         #warning "configENFORCE_SYSTEM_CALLS_FROM_KERNEL_ONLY is not defined. We recommend defining it to 1 in FreeRTOSConfig.h for better security. https://www.FreeRTOS.org/FreeRTOS-V10.3.x.html"
          ^~~~~~~
Finished building: ../croutine.c
 
Building file: ../event_groups.c
Invoking: Cross ARM GNU C Compiler
arm-none-eabi-gcc -mcpu=cortex-m3 -mthumb -Og -fmessage-length=0 -fsigned-char -ffunction-sections -fdata-sections -ffreestanding -fno-move-loop-invariants -Wall -Wextra  -g3 -DDEBUG -DUSE_FULL_ASSERT -DTRACE -DOS_USE_TRACE_SEMIHOSTING_DEBUG -DSTM32F10X_MD -DUSE_STDPERIPH_DRIVER -DHSE_VALUE=8000000 -I"../include" -I"../system/include" -I"../system/include/cmsis" -I"../system/include/stm32f1-stdperiph" -std=gnu11 -MMD -MP -MF"event_groups.d" -MT"event_groups.o" -c -o "event_groups.o" "../event_groups.c"
In file included from ../include/portable.h:51:0,
                 from ../include/FreeRTOS.h:63,
                 from ../event_groups.c:36:
../include/portmacro.h:300:10: warning: #warning "configENFORCE_SYSTEM_CALLS_FROM_KERNEL_ONLY is not defined. We recommend defining it to 1 in FreeRTOSConfig.h for better security. https://www.FreeRTOS.org/FreeRTOS-V10.3.x.html" [-Wcpp]
         #warning "configENFORCE_SYSTEM_CALLS_FROM_KERNEL_ONLY is not defined. We recommend defining it to 1 in FreeRTOSConfig.h for better security. https://www.FreeRTOS.org/FreeRTOS-V10.3.x.html"
          ^~~~~~~
Finished building: ../event_groups.c
 
Building file: ../list.c
Invoking: Cross ARM GNU C Compiler
arm-none-eabi-gcc -mcpu=cortex-m3 -mthumb -Og -fmessage-length=0 -fsigned-char -ffunction-sections -fdata-sections -ffreestanding -fno-move-loop-invariants -Wall -Wextra  -g3 -DDEBUG -DUSE_FULL_ASSERT -DTRACE -DOS_USE_TRACE_SEMIHOSTING_DEBUG -DSTM32F10X_MD -DUSE_STDPERIPH_DRIVER -DHSE_VALUE=8000000 -I"../include" -I"../system/include" -I"../system/include/cmsis" -I"../system/include/stm32f1-stdperiph" -std=gnu11 -MMD -MP -MF"list.d" -MT"list.o" -c -o "list.o" "../list.c"
In file included from ../include/portable.h:51:0,
                 from ../include/FreeRTOS.h:63,
                 from ../list.c:35:
../include/portmacro.h:300:10: warning: #warning "configENFORCE_SYSTEM_CALLS_FROM_KERNEL_ONLY is not defined. We recommend defining it to 1 in FreeRTOSConfig.h for better security. https://www.FreeRTOS.org/FreeRTOS-V10.3.x.html" [-Wcpp]
         #warning "configENFORCE_SYSTEM_CALLS_FROM_KERNEL_ONLY is not defined. We recommend defining it to 1 in FreeRTOSConfig.h for better security. https://www.FreeRTOS.org/FreeRTOS-V10.3.x.html"
          ^~~~~~~
Finished building: ../list.c
 
Building file: ../main.c
Invoking: Cross ARM GNU C Compiler
arm-none-eabi-gcc -mcpu=cortex-m3 -mthumb -Og -fmessage-length=0 -fsigned-char -ffunction-sections -fdata-sections -ffreestanding -fno-move-loop-invariants -Wall -Wextra  -g3 -DDEBUG -DUSE_FULL_ASSERT -DTRACE -DOS_USE_TRACE_SEMIHOSTING_DEBUG -DSTM32F10X_MD -DUSE_STDPERIPH_DRIVER -DHSE_VALUE=8000000 -I"../include" -I"../system/include" -I"../system/include/cmsis" -I"../system/include/stm32f1-stdperiph" -std=gnu11 -MMD -MP -MF"main.d" -MT"main.o" -c -o "main.o" "../main.c"
Finished building: ../main.c
 
Building file: ../queue.c
Invoking: Cross ARM GNU C Compiler
arm-none-eabi-gcc -mcpu=cortex-m3 -mthumb -Og -fmessage-length=0 -fsigned-char -ffunction-sections -fdata-sections -ffreestanding -fno-move-loop-invariants -Wall -Wextra  -g3 -DDEBUG -DUSE_FULL_ASSERT -DTRACE -DOS_USE_TRACE_SEMIHOSTING_DEBUG -DSTM32F10X_MD -DUSE_STDPERIPH_DRIVER -DHSE_VALUE=8000000 -I"../include" -I"../system/include" -I"../system/include/cmsis" -I"../system/include/stm32f1-stdperiph" -std=gnu11 -MMD -MP -MF"queue.d" -MT"queue.o" -c -o "queue.o" "../queue.c"
In file included from ../include/portable.h:51:0,
                 from ../include/FreeRTOS.h:63,
                 from ../queue.c:35:
../include/portmacro.h:300:10: warning: #warning "configENFORCE_SYSTEM_CALLS_FROM_KERNEL_ONLY is not defined. We recommend defining it to 1 in FreeRTOSConfig.h for better security. https://www.FreeRTOS.org/FreeRTOS-V10.3.x.html" [-Wcpp]
         #warning "configENFORCE_SYSTEM_CALLS_FROM_KERNEL_ONLY is not defined. We recommend defining it to 1 in FreeRTOSConfig.h for better security. https://www.FreeRTOS.org/FreeRTOS-V10.3.x.html"
          ^~~~~~~
Finished building: ../queue.c
 
Building file: ../stream_buffer.c
Invoking: Cross ARM GNU C Compiler
arm-none-eabi-gcc -mcpu=cortex-m3 -mthumb -Og -fmessage-length=0 -fsigned-char -ffunction-sections -fdata-sections -ffreestanding -fno-move-loop-invariants -Wall -Wextra  -g3 -DDEBUG -DUSE_FULL_ASSERT -DTRACE -DOS_USE_TRACE_SEMIHOSTING_DEBUG -DSTM32F10X_MD -DUSE_STDPERIPH_DRIVER -DHSE_VALUE=8000000 -I"../include" -I"../system/include" -I"../system/include/cmsis" -I"../system/include/stm32f1-stdperiph" -std=gnu11 -MMD -MP -MF"stream_buffer.d" -MT"stream_buffer.o" -c -o "stream_buffer.o" "../stream_buffer.c"
In file included from ../include/portable.h:51:0,
                 from ../include/FreeRTOS.h:63,
                 from ../stream_buffer.c:37:
../include/portmacro.h:300:10: warning: #warning "configENFORCE_SYSTEM_CALLS_FROM_KERNEL_ONLY is not defined. We recommend defining it to 1 in FreeRTOSConfig.h for better security. https://www.FreeRTOS.org/FreeRTOS-V10.3.x.html" [-Wcpp]
         #warning "configENFORCE_SYSTEM_CALLS_FROM_KERNEL_ONLY is not defined. We recommend defining it to 1 in FreeRTOSConfig.h for better security. https://www.FreeRTOS.org/FreeRTOS-V10.3.x.html"
          ^~~~~~~
Finished building: ../stream_buffer.c
 
Building file: ../tasks.c
Invoking: Cross ARM GNU C Compiler
arm-none-eabi-gcc -mcpu=cortex-m3 -mthumb -Og -fmessage-length=0 -fsigned-char -ffunction-sections -fdata-sections -ffreestanding -fno-move-loop-invariants -Wall -Wextra  -g3 -DDEBUG -DUSE_FULL_ASSERT -DTRACE -DOS_USE_TRACE_SEMIHOSTING_DEBUG -DSTM32F10X_MD -DUSE_STDPERIPH_DRIVER -DHSE_VALUE=8000000 -I"../include" -I"../system/include" -I"../system/include/cmsis" -I"../system/include/stm32f1-stdperiph" -std=gnu11 -MMD -MP -MF"tasks.d" -MT"tasks.o" -c -o "tasks.o" "../tasks.c"
In file included from ../include/portable.h:51:0,
                 from ../include/FreeRTOS.h:63,
                 from ../tasks.c:37:
../include/portmacro.h:300:10: warning: #warning "configENFORCE_SYSTEM_CALLS_FROM_KERNEL_ONLY is not defined. We recommend defining it to 1 in FreeRTOSConfig.h for better security. https://www.FreeRTOS.org/FreeRTOS-V10.3.x.html" [-Wcpp]
         #warning "configENFORCE_SYSTEM_CALLS_FROM_KERNEL_ONLY is not defined. We recommend defining it to 1 in FreeRTOSConfig.h for better security. https://www.FreeRTOS.org/FreeRTOS-V10.3.x.html"
          ^~~~~~~
Finished building: ../tasks.c
 
Building file: ../timers.c
Invoking: Cross ARM GNU C Compiler
arm-none-eabi-gcc -mcpu=cortex-m3 -mthumb -Og -fmessage-length=0 -fsigned-char -ffunction-sections -fdata-sections -ffreestanding -fno-move-loop-invariants -Wall -Wextra  -g3 -DDEBUG -DUSE_FULL_ASSERT -DTRACE -DOS_USE_TRACE_SEMIHOSTING_DEBUG -DSTM32F10X_MD -DUSE_STDPERIPH_DRIVER -DHSE_VALUE=8000000 -I"../include" -I"../system/include" -I"../system/include/cmsis" -I"../system/include/stm32f1-stdperiph" -std=gnu11 -MMD -MP -MF"timers.d" -MT"timers.o" -c -o "timers.o" "../timers.c"
In file included from ../include/portable.h:51:0,
                 from ../include/FreeRTOS.h:63,
                 from ../timers.c:35:
../include/portmacro.h:300:10: warning: #warning "configENFORCE_SYSTEM_CALLS_FROM_KERNEL_ONLY is not defined. We recommend defining it to 1 in FreeRTOSConfig.h for better security. https://www.FreeRTOS.org/FreeRTOS-V10.3.x.html" [-Wcpp]
         #warning "configENFORCE_SYSTEM_CALLS_FROM_KERNEL_ONLY is not defined. We recommend defining it to 1 in FreeRTOSConfig.h for better security. https://www.FreeRTOS.org/FreeRTOS-V10.3.x.html"
          ^~~~~~~
Finished building: ../timers.c
 
Building target: RTOS_Project1.elf
Invoking: Cross ARM GNU C++ Linker
arm-none-eabi-g++ -mcpu=cortex-m3 -mthumb -Og -fmessage-length=0 -fsigned-char -ffunction-sections -fdata-sections -ffreestanding -fno-move-loop-invariants -Wall -Wextra  -g3 -T mem.ld -T libs.ld -T sections.ld -nostartfiles -Xlinker --gc-sections -L"../ldscripts" -Wl,-Map,"RTOS_Project1.map" --specs=nano.specs -o "RTOS_Project1.elf"  ./portable/GCC/ARM_CM3_MPU/port.o  ./portable/heap_1.o  ./croutine.o ./event_groups.o ./list.o ./main.o ./queue.o ./stream_buffer.o ./tasks.o ./timers.o   
e:/imt arm embedded system diploma/04-arm tools/03- imt sdk/imt_sdk_win_64/winarm/armgcc/bin/../lib/gcc/arm-none-eabi/7.2.1/../../../../arm-none-eabi/bin/ld.exe: warning: cannot find entry symbol _start; defaulting to 08000028
Finished building target: RTOS_Project1.elf
 
Invoking: Cross ARM GNU Create Flash Image
arm-none-eabi-objcopy -O ihex "RTOS_Project1.elf"  "RTOS_Project1.hex"
Finished building: RTOS_Project1.hex
 
Invoking: Cross ARM GNU Print Size
arm-none-eabi-size --format=berkeley "RTOS_Project1.elf"
   text	   data	    bss	    dec	    hex	filename
      0	     40	    256	    296	    128	RTOS_Project1.elf
Finished building: RTOS_Project1.siz
 

16:11:58 Build Finished (took 11s.280ms)

